[backblue.gif]
[fade.gif]
[index.html]
[houss.co.za/feed/index.html]
[houss.co.za/comments/feed/index.html]
[houss.co.za/wp-includes/js/jquery/jquery.minf43b.js]
[houss.co.za/wp-includes/js/jquery/jquery-migrate.min5589.js]
[houss.co.za/wp-content/plugins/download-manager/assets/js/wpdm.minca57.js]
[houss.co.za/wp-content/plugins/download-manager/assets/js/front.min6dc0.js]
[houss.co.za/wp-content/plugins/interactive-3d-flipbook-powered-physics-engine/assets/js/client-locale-loader8360.js]
[houss.co.za/wp-content/plugins/elementor-pro/assets/js/page-transitions.min7871.js]
[houss.co.za/wp-content/plugins/aurora-heatmap/js/aurora-heatmap.min4735.js]
[houss.co.za/wp-content/plugins/pixelyoursite/dist/scripts/jquery.bind-first-0.2.3.minca57.js]
[houss.co.za/wp-content/plugins/pixelyoursite/dist/scripts/js.cookie-2.1.3.min4c71.js]
[houss.co.za/wp-content/plugins/pixelyoursite/dist/scripts/tld.min254d.js]
[houss.co.za/wp-content/plugins/pixelyoursite/dist/scripts/public8d49.js]
[houss.co.za/wp-json/index.html]
[houss.co.za/wp-json/wp/v2/pages/17.json]
[houss.co.za/xmlrpc0db0.php]
[houss.co.za/wp-json/oembed/1.0/embede8f5.json]
[houss.co.za/wp-json/oembed/1.0/embed6c1e]
[cdn.bitrix24.com/b23490421/crm/site_button/loader_3_iavbsb.js]
[connect.facebook.net/en_US/fbevents.js]
[houss.co.za/wp-content/uploads/2023/01/cropped-fav-32x32.png]
[houss.co.za/wp-content/uploads/2023/01/cropped-fav-192x192.png]
[houss.co.za/wp-content/uploads/2023/01/cropped-fav-180x180.png]
[houss.co.za/wp-content/uploads/2023/01/Houss-simple.png]
[houss.co.za/wp-content/plugins/revslider/sr6/assets/assets/dummy.png]
[houss.co.za/wp-content/uploads/2023/01/Untitled-design-45.png]
[houss.co.za/wp-content/uploads/2023/01/Untitled-design-66.png]
[houss.co.za/wp-content/uploads/2023/01/Untitled-design-47.png]
[houss.co.za/wp-content/uploads/2023/01/house-licon.png]
[houss.co.za/wp-content/uploads/2023/01/Mail-icon-1024x971.png]
[houss.co.za/wp-content/uploads/2023/01/portfolio-icon.png]
[houss.co.za/wp-content/uploads/2023/01/Samrra-Logo-Square@4x-1024x457.png]
[houss.co.za/wp-content/uploads/2023/01/Reside-2023_Ribbon_Multi-family_combined.png]
[cdn-images.mailchimp.com/embedcode/classic-071822.css]
[s3.amazonaws.com/downloads.mailchimp.com/js/mc-validate.js]
[houss.co.za/wp-includes/js/dist/hooks.min4fdd.js]
[houss.co.za/wp-includes/js/dist/i18n.minc33c.js]
[houss.co.za/wp-includes/js/jquery/jquery.form.minb2f9.js]
[houss.co.za/wp-content/plugins/revslider/sr6/assets/js/rbtools.minbc26.js]
[houss.co.za/wp-content/plugins/revslider/sr6/assets/js/rs6.minbc26.js]
[houss.co.za/wp-content/plugins/nextgen-download-gallery/static/js/download-form.min1f22.js]
[houss.co.za/wp-content/plugins/elementor-pro/assets/lib/instant-page/instant-page.min7871.js]
[houss.co.za/wp-content/plugins/elementor-pro/assets/lib/smartmenus/jquery.smartmenus.min1576.js]
[houss.co.za/wp-content/plugins/elementor-pro/assets/lib/sticky/jquery.sticky.min7871.js]
[houss.co.za/wp-includes/js/imagesloaded.minbb93.js]
[houss.co.za/wp-content/plugins/elementor/assets/lib/swiper/v8/swiper.min94a4.js]
[houss.co.za/wp-content/plugins/gdpr-cookie-compliance/dist/scripts/main0fa0.js]
[houss.co.za/wp-content/plugins/essential-grid/public/assets/js/esg.min952b.js]
[houss.co.za/wp-content/plugins/elementor-pro/assets/js/webpack-pro.runtime.min7871.js]
[houss.co.za/wp-content/plugins/elementor/assets/js/webpack.runtime.min7871.js]
[houss.co.za/wp-content/plugins/elementor/assets/js/frontend-modules.min7871.js]
[houss.co.za/wp-content/plugins/elementor-pro/assets/js/frontend.min7871.js]
[houss.co.za/wp-includes/js/jquery/ui/core.minb37e.js]
[houss.co.za/wp-content/plugins/elementor/assets/js/frontend.min7871.js]
[houss.co.za/wp-content/plugins/elementor-pro/assets/js/elements-handlers.min7871.js]
[houss.co.za/wp-content/uploads/2023/01/Houss-simple-300x88.png]
[houss.co.za/index.html]
[houss.co.za/wp-content/plugins/download-manager/assets/wpdm-iconfont/font/wpdm-icons4a65.eot]
[houss.co.za/wp-content/plugins/download-manager/assets/wpdm-iconfont/font/wpdm-icons4a65.woff2]
[houss.co.za/wp-content/plugins/download-manager/assets/wpdm-iconfont/font/wpdm-icons4a65.woff]
[houss.co.za/wp-content/plugins/download-manager/assets/wpdm-iconfont/font/wpdm-icons4a65.ttf]
[houss.co.za/wp-content/plugins/download-manager/assets/wpdm-iconfont/css/wpdm-iconsca57.css]
[houss.co.za/wp-content/plugins/download-manager/assets/css/front.minca57.css]
[houss.co.za/wp-content/plugins/essential-grid/public/assets/images/ajax-loader.gif]
[houss.co.za/wp-content/plugins/essential-grid/public/assets/images/loader.gif]
[houss.co.za/wp-content/plugins/essential-grid/public/assets/css/settings952b.css]
[houss.co.za/wp-content/plugins/essential-grid/public/assets/font/fontello/fonts/egfontdde9.eot]
[houss.co.za/wp-content/plugins/essential-grid/public/assets/font/fontello/fonts/egfontdde9.woff]
[houss.co.za/wp-content/plugins/essential-grid/public/assets/font/fontello/fonts/egfontdde9.ttf]
[houss.co.za/wp-content/plugins/essential-grid/public/assets/font/fontello/css/fontello952b.css]
[houss.co.za/wp-content/plugins/nextgen-download-gallery/static/css/style1f22.css]
[houss.co.za/wp-content/themes/hello-elementor/style.min324d.css]
[houss.co.za/wp-content/themes/hello-elementor/theme.min324d.css]
[houss.co.za/wp-content/themes/hello-elementor/header-footer.min324d.css]
[houss.co.za/wp-content/plugins/elementor/assets/css/frontend.min7871.css]
[houss.co.za/wp-content/plugins/elementor/assets/css/widget-image.min7871.css]
[houss.co.za/wp-content/plugins/elementor-pro/assets/css/widget-nav-menu.min7871.css]
[houss.co.za/wp-content/plugins/elementor-pro/assets/css/widget-search-form.min7871.css]
[houss.co.za/wp-content/plugins/elementor-pro/assets/css/modules/sticky.min7871.css]
[houss.co.za/wp-content/plugins/elementor-pro/assets/css/modules/motion-fx.min7871.css]
[houss.co.za/wp-content/plugins/elementor/assets/lib/animations/styles/e-animation-grow.min7871.css]
[houss.co.za/wp-content/plugins/elementor/assets/css/widget-social-icons.min7871.css]
[houss.co.za/wp-content/plugins/elementor/assets/css/conditionals/apple-webkit.min7871.css]
[houss.co.za/wp-content/plugins/elementor/assets/css/widget-heading.min7871.css]
[houss.co.za/wp-content/plugins/elementor/assets/css/widget-text-editor.min7871.css]
[houss.co.za/wp-content/uploads/elementor/css/post-68194.css]
[houss.co.za/wp-content/plugins/elementor/assets/css/widget-divider.min7871.css]
[houss.co.za/wp-content/plugins/elementor/assets/css/widget-icon-box.min7871.css]
[houss.co.za/wp-content/plugins/elementor/assets/lib/animations/styles/fadeInUp.min7871.css]
[houss.co.za/wp-content/plugins/elementor/assets/lib/swiper/v8/css/swiper.min94a4.css]
[houss.co.za/wp-content/plugins/elementor/assets/css/conditionals/e-swiper.min7871.css]
[houss.co.za/wp-content/plugins/elementor-pro/assets/css/widget-slides.min7871.css]
[houss.co.za/wp-content/plugins/elementor/assets/css/widget-spacer.min7871.css]
[houss.co.za/wp-content/plugins/elementor/assets/css/widget-video.min7871.css]
[houss.co.za/wp-content/plugins/elementor-pro/assets/css/widget-testimonial-carousel.min7871.css]
[houss.co.za/wp-content/plugins/elementor-pro/assets/css/widget-carousel-module-base.min7871.css]
[houss.co.za/wp-content/uploads/elementor/css/post-1771e4.css]
[houss.co.za/wp-content/uploads/elementor/css/post-86b3d.css]
[houss.co.za/wp-content/uploads/elementor/css/post-111c0b9.css]
[houss.co.za/wp-content/plugins/aurora-heatmap/style4735.css]
[houss.co.za/wp-content/plugins/gdpr-cookie-compliance/dist/styles/gdpr-main-nf0fa0.css]
[houss.co.za/wp-content/uploads/elementor/custom-icons/tiktok/font/tiktok4b99.eot]
[houss.co.za/wp-content/uploads/elementor/custom-icons/tiktok/font/tiktok4b99.woff2]
[houss.co.za/wp-content/uploads/elementor/custom-icons/tiktok/font/tiktok4b99.woff]
[houss.co.za/wp-content/uploads/elementor/custom-icons/tiktok/font/tiktok4b99.ttf]
[houss.co.za/wp-content/uploads/elementor/custom-icons/tiktok/css/tiktok8a54.css]
[connect.facebook.net/en_US/fbevents.js]
[www.googletagmanager.com/gtm5445.html]
[houss.co.za/wp-json/wp/v2/pages/19.json]
[houss.co.za/wp-json/oembed/1.0/embed95c3.json]
[houss.co.za/wp-json/oembed/1.0/embede3e0]
[houss.co.za/wp-content/uploads/2025/02/Helderfontein-Nexus-Logo_Colour-1024x437.png]
[houss.co.za/wp-content/uploads/2024/03/Ndlovu-colour.png]
[houss.co.za/wp-content/uploads/2023/07/Indawo-FINAL-Transparent-1024x443.png]
[houss.co.za/wp-content/uploads/2023/01/precinct-1024x505.png]
[houss.co.za/wp-content/uploads/2023/01/campus-1024x505.png]
[houss.co.za/wp-content/uploads/2023/06/Bahari-colour-1024x498.png]
[houss.co.za/wp-content/uploads/2023/01/5ive-1024x505.png]
[houss.co.za/wp-content/uploads/2023/01/the-parks-1024x505.png]
[houss.co.za/wp-content/uploads/2023/01/Crowthorne-Corner-Digital-Brochure.png]
[houss.co.za/wp-content/uploads/2023/01/carlswald-1024x505.png]
[houss.co.za/wp-content/uploads/2023/01/crowthorne-1024x505.png]
[houss.co.za/wp-content/uploads/2023/01/sagewood-1024x505.png]
[houss.co.za/wp-content/uploads/2023/01/oval-1024x505.png]
[houss.co.za/wp-content/uploads/2023/01/waterfall-crescent-logo-1024x505.png]
[houss.co.za/wp-content/uploads/2023/01/Villas-1024x505.png]
[houss.co.za/wp-content/uploads/2023/01/sheds-1024x505.png]
[houss.co.za/rentals/index.html]
[houss.co.za/wp-json/wp/v2/pages/6792.json]
[houss.co.za/wp-json/oembed/1.0/embed404e.json]
[houss.co.za/wp-json/oembed/1.0/embedc7c8]
[houss.co.za/wp-content/uploads/2023/05/get-approved-1024x193.png]
[houss.co.za/welcome-to-houss/get-pre-approved/index.html]
[cdn.bitrix24.com/b23490421/crm/form/loader_35.js]
[houss.co.za/wp-json/wp/v2/pages/6773.json]
[houss.co.za/wp-json/oembed/1.0/embed5487.json]
[houss.co.za/wp-json/oembed/1.0/embedd1bc]
[houss.co.za/wp-content/uploads/2023/05/Online-Application-1024x194.jpg]
[houss.co.za/welcome-to-houss/application-form/index.html]
[cdn.bitrix24.com/b23490421/crm/form/loader_449.js]
[houss.co.za/wp-json/wp/v2/pages/262.json]
[houss.co.za/wp-json/oembed/1.0/embede3c3.json]
[houss.co.za/wp-json/oembed/1.0/embedc6b7]
[houss.co.za/wp-content/uploads/2024/11/article_staycation-300x98.jpg]
[houss.co.za/wp-content/uploads/2023/01/Parks-300x153.jpg]
[houss.co.za/wp-content/uploads/2022/05/RGB-print-hi-res-helderfontein-franz-rabe-natural-photography-14-of-70-300x251.jpg]
[houss.co.za/wp-content/uploads/2022/05/HoussHeadlines_160522-300x169.jpg]
[houss.co.za/wp-content/uploads/2022/05/HoussHeadlines_130522-300x169.jpg]
[houss.co.za/wp-content/uploads/2022/05/Houss_Headlines-110522-300x169.jpg]
[houss.co.za/houss-headlines/index.html]
[houss.co.za/wp-json/wp/v2/pages/21.json]
[houss.co.za/wp-json/oembed/1.0/embed5039.json]
[houss.co.za/wp-json/oembed/1.0/embed80a7]
[houss.co.za/wp-content/uploads/2023/01/security-icon.png]
[houss.co.za/wp-content/uploads/2023/01/solar_icon.png]
[houss.co.za/wp-content/uploads/2023/01/School-icon.png]
[houss.co.za/wp-content/uploads/2023/01/play-park-icon.png]
[houss.co.za/wp-content/uploads/2023/01/gym-icon.png]
[houss.co.za/wp-content/uploads/2023/01/pools-icon.png]
[houss.co.za/wp-content/uploads/2023/01/restuarant-icon.png]
[houss.co.za/wp-content/uploads/2023/01/spa-icon.png]
[houss.co.za/wp-content/uploads/2023/01/salon-icon.png]
[houss.co.za/wp-content/uploads/2023/01/cinema-icon.png]
[houss.co.za/wp-content/uploads/2023/01/soccer-icon.png]
[houss.co.za/wp-content/uploads/2023/01/meeting-icon.png]
[houss.co.za/wp-content/uploads/2023/01/game-icon.png]
[houss.co.za/wp-content/uploads/2023/01/walking-icon.png]
[houss.co.za/wp-content/uploads/2023/01/concierge.png]
[houss.co.za/wp-content/uploads/2023/01/laundry.png]
[houss.co.za/wp-content/uploads/2023/01/birthday-icon.png]
[houss.co.za/lifestyle/index.html]
[houss.co.za/wp-json/wp/v2/pages/9374.json]
[houss.co.za/wp-json/oembed/1.0/embed3523.json]
[houss.co.za/wp-json/oembed/1.0/embed1f8e]
[houss.co.za/wp-content/uploads/2024/07/tenantservices.png]
[houss.co.za/wp-content/uploads/2024/08/FAQ.png]
[houss.co.za/wp-content/uploads/2024/08/Update-info.png]
[houss.co.za/wp-content/uploads/2024/08/accountenquiry.png]
[houss.co.za/wp-content/uploads/2024/08/Deposit-refunds.png]
[houss.co.za/wp-content/uploads/2024/10/maintenance-queries.png]
[houss.co.za/wp-content/uploads/2025/02/Utilities-icon.png]
[houss.co.za/wp-content/uploads/2025/02/Operations-icon.png]
[houss.co.za/wp-content/uploads/2024/08/Give-notice.png]
[houss.co.za/wp-content/uploads/2024/08/Withdraw-notice.png]
[houss.co.za/wp-content/uploads/2024/08/Request-new-unit.png]
[houss.co.za/wp-content/uploads/2025/03/Estate-Rules.png]
[houss.co.za/wp-content/uploads/2025/06/Utilities-Explained-icon.png]
[houss.co.za/tenant-services/index.html]
[houss.co.za/wp-json/wp/v2/pages/9392.json]
[houss.co.za/wp-json/oembed/1.0/embed8aff.json]
[houss.co.za/wp-json/oembed/1.0/embed59d1]
[houss.co.za/tenant-services/faq/index.html]
[houss.co.za/wp-json/wp/v2/pages/23.json]
[houss.co.za/wp-json/oembed/1.0/embed305e.json]
[houss.co.za/wp-json/oembed/1.0/embed9bf9]
[houss.co.za/chat-to-us/index.html]
[cdn.bitrix24.com/b23490421/crm/form/loader_29.js]
[houss.co.za/wp-json/wp/v2/pages/9218.json]
[houss.co.za/wp-json/oembed/1.0/embed7755.json]
[houss.co.za/wp-json/oembed/1.0/embede002]
[houss.co.za/wp-content/uploads/2025/05/markeitn-administrator_website.jpg]
[houss.co.za/careers/index.html]
[houss.co.za/wp-json/wp/v2/pages/8847.json]
[houss.co.za/wp-json/oembed/1.0/embed7bb8.json]
[houss.co.za/wp-json/oembed/1.0/embedbf05]
[houss.co.za/wp-content/uploads/2024/03/Ndlovu-Logo-White.png]
[houss.co.za/wp-content/uploads/2023/01/22-Joy-Agent-825x1024.jpg]
[houss.co.za/wp-content/uploads/2023/01/Ernest-Ngotini-825x1024.jpg]
[houss.co.za/wp-content/uploads/2023/01/Copy-of-Copy-of-Untitled-7.png]
[houss.co.za/wp-content/uploads/2024/03/Ndlovo-Lifestyle-Apartments-Brochure-110324.pdf]
[houss.co.za/wp-content/uploads/2023/01/Copy-of-Copy-of-Untitled-58.png]
[houss.co.za/wp-content/uploads/2023/01/Copy-of-Copy-of-Untitled-48.png]
[houss.co.za/wp-content/uploads/2024/03/Sales-Office-Site-Layout.jpg]
[houss.co.za/wp-content/uploads/2024/09/360-icon.png]
[houss.co.za/wp-content/uploads/2024/03/ndlovu-3bed-scaled.jpg]
[houss.co.za/wp-content/uploads/2024/03/ndlovu-2bed-scaled.jpg]
[houss.co.za/wp-content/uploads/2024/03/ndlovu-1bed-46m2-scaled.jpg]
[houss.co.za/wp-content/uploads/2024/03/ndlovu-1bed-34m2-scaled.jpg]
[cdn.bitrix24.com/b23490421/crm/form/loader_627.js]
[cdn.bitrix24.com/b23490421/crm/form/loader_629.js]
[cdn.bitrix24.com/b23490421/crm/form/loader_631.js]
[cdn.bitrix24.com/b23490421/crm/form/loader_633.js]
[houss.co.za/wp-content/plugins/revslider/sr6/assets/fonts/revicons/revicons90c6.woff]
[houss.co.za/ndlovu-lifestyle-apartments/index.html]
[houss.co.za/wp-json/wp/v2/pages/5948.json]
[houss.co.za/wp-json/oembed/1.0/embed0540.json]
[houss.co.za/wp-json/oembed/1.0/embed0ee4]
[houss.co.za/wp-content/uploads/2023/01/15-LOGO-Sagewood.png]
[houss.co.za/wp-content/uploads/2023/01/Sagewood-Brochure-Web_220222.pdf]
[houss.co.za/wp-content/uploads/2023/01/video.png]
[houss.co.za/wp-content/uploads/2023/01/SAGEWOOD-estate-layout-scaled-1.jpg]
[houss.co.za/wp-content/uploads/2023/01/SAGEWOOD_3-Bed-scaled-1.jpg]
[houss.co.za/wp-content/uploads/2023/01/2-Bed-scaled-1.jpg]
[houss.co.za/wp-content/uploads/2023/01/1-Bed-1-scaled-1.jpg]
[houss.co.za/wp-content/uploads/2023/01/1-Bed-30m-scaled-1.jpg]
[cdn.bitrix24.com/b23490421/crm/form/loader_153.js]
[cdn.bitrix24.com/b23490421/crm/form/loader_239.js]
[houss.co.za/sagewood-lifestyle-apartments/index.html]
[houss.co.za/wp-json/wp/v2/pages/5674.json]
[houss.co.za/wp-json/oembed/1.0/embedcead.json]
[houss.co.za/wp-json/oembed/1.0/embed9269]
[houss.co.za/wp-content/uploads/2023/01/the-villas-logo.png]
[houss.co.za/wp-content/uploads/2023/01/Darren-825x1024.jpg]
[houss.co.za/wp-content/uploads/2024/07/Desiree-825x1024.jpg]
[houss.co.za/wp-content/uploads/2023/06/The-Villas-Waterfall-Brochure-DIGITAL-090623.pdf]
[houss.co.za/wp-content/uploads/2023/01/meet.png]
[houss.co.za/wp-content/uploads/2023/01/The-Villas-Layout-scaled.jpg]
[houss.co.za/wp-content/uploads/2023/01/The-Villas-Type-A-1-scaled-1.jpg]
[houss.co.za/wp-content/uploads/2023/01/Type-B-1-scaled.jpg]
[cdn.bitrix24.com/b23490421/crm/form/loader_341.js]
[cdn.bitrix24.com/b23490421/crm/form/loader_339.js]
[cdn.bitrix24.com/b23490421/crm/form/loader_719.js]
[cdn.bitrix24.com/b23490421/crm/form/loader_717.js]
[houss.co.za/the-villas/index.html]
[houss.co.za/wp-json/wp/v2/pages/5750.json]
[houss.co.za/wp-json/oembed/1.0/embedf8bb.json]
[houss.co.za/wp-json/oembed/1.0/embedd79d]
[houss.co.za/wp-content/uploads/2023/01/12-LOGO-The-Precinct-1024x240.png]
[houss.co.za/wp-content/uploads/2023/01/Wayne-825x1024.jpg]
[houss.co.za/wp-content/uploads/2023/01/Phathi-825x1024.jpg]
[houss.co.za/wp-content/uploads/2023/05/Zama-825x1024.jpg]
[houss.co.za/wp-content/uploads/2023/05/Wandile-1-825x1024.jpg]
[houss.co.za/wp-content/uploads/2023/01/Terence-Sithole_edit-1-825x1024.jpg]
[houss.co.za/wp-content/uploads/2025/06/Blessing-825x1024.jpg]
[houss.co.za/wp-content/uploads/2025/04/The-Precinct-July-2024-reduced.pdf]
[houss.co.za/wp-content/uploads/2023/01/Layout-1-scaled.jpg]
[houss.co.za/wp-content/uploads/2023/01/Page-Design-THE-PRECINCT-1.jpg]
[houss.co.za/wp-content/uploads/2023/01/2-Bed-4-scaled.jpg]
[houss.co.za/wp-content/uploads/2023/01/2-Bed-Loft.jpg]
[houss.co.za/wp-content/uploads/2023/01/2-Bed-Loft-89m-scaled-1.jpg]
[houss.co.za/wp-content/uploads/2023/01/1-Bed-56m-new-scaled.jpg]
[houss.co.za/wp-content/uploads/2023/01/1-Bed-41m-new.jpg]
[cdn.bitrix24.com/b23490421/crm/form/loader_177.js]
[cdn.bitrix24.com/b23490421/crm/form/loader_223.js]
[cdn.bitrix24.com/b23490421/crm/form/loader_301.js]
[cdn.bitrix24.com/b23490421/crm/form/loader_303.js]
[cdn.bitrix24.com/b23490421/crm/form/loader_171.js]
[cdn.bitrix24.com/b23490421/crm/form/loader_267.js]
[cdn.bitrix24.com/b23490421/crm/form/loader_173.js]
[cdn.bitrix24.com/b23490421/crm/form/loader_263.js]
[cdn.bitrix24.com/b23490421/crm/form/loader_167.js]
[cdn.bitrix24.com/b23490421/crm/form/loader_269.js]
[cdn.bitrix24.com/b23490421/crm/form/loader_935.js]
[cdn.bitrix24.com/b23490421/crm/form/loader_933.js]
[houss.co.za/the-precinct-luxury-apartments/index.html]
[houss.co.za/wp-json/wp/v2/pages/7249.json]
[houss.co.za/wp-json/oembed/1.0/embede8fb.json]
[houss.co.za/wp-json/oembed/1.0/embedc525]
[houss.co.za/wp-content/uploads/2023/06/Indawo-White-1024x443.png]
[houss.co.za/wp-content/uploads/2023/08/Indawo-Brochure-DIGITAL.pdf]
[houss.co.za/wp-content/uploads/2023/06/3b-scaled.jpg]
[houss.co.za/wp-content/uploads/2023/06/2b-scaled.jpg]
[houss.co.za/wp-content/uploads/2023/06/1b-b-scaled.jpg]
[houss.co.za/wp-content/uploads/2023/06/1b-a-scaled.jpg]
[houss.co.za/indawo-lifestyle-apartments/index.html]
[houss.co.za/wp-json/wp/v2/pages/6206.json]
[houss.co.za/wp-json/oembed/1.0/embed8679.json]
[houss.co.za/wp-json/oembed/1.0/embed8730]
[cdn.bitrix24.com/b23490421/crm/form/loader_345.js]
[cdn.bitrix24.com/b23490421/crm/form/loader_343.js]
[houss.co.za/rentals-waterfall/index.html]
[houss.co.za/wp-json/wp/v2/pages/6211.json]
[houss.co.za/wp-json/oembed/1.0/embede0ba.json]
[houss.co.za/wp-json/oembed/1.0/embedbfc3]
[houss.co.za/wp-content/uploads/2023/05/Byron.jpg]
[houss.co.za/wp-content/uploads/2023/05/Ayand170523-825x1024.jpg]
[cdn.bitrix24.com/b23490421/crm/form/loader_273.js]
[cdn.bitrix24.com/b23490421/crm/form/loader_227.js]
[houss.co.za/wp-content/uploads/2023/05/Ayanda-878x1024.jpg]
[cdn.bitrix24.com/b23490421/crm/form/loader_151.js]
[cdn.bitrix24.com/b23490421/crm/form/loader_237.js]
[houss.co.za/rentals-midrand/index.html]
[houss.co.za/wp-json/wp/v2/pages/6216.json]
[houss.co.za/wp-json/oembed/1.0/embed714f.json]
[houss.co.za/wp-json/oembed/1.0/embed278b]
[houss.co.za/wp-content/uploads/2023/01/Ceila-825x1024.jpg]
[houss.co.za/wp-content/uploads/2024/11/Thato-825x1024.jpg]
[houss.co.za/wp-content/uploads/2023/01/Thandazani-825x1024.jpg]
[houss.co.za/wp-content/uploads/2024/11/Dineo-825x1024.jpg]
[houss.co.za/wp-content/uploads/2024/11/Brian-825x1024.jpg]
[houss.co.za/wp-content/uploads/2024/11/Glenorah-825x1024.jpg]
[houss.co.za/wp-content/uploads/2024/11/Bukiso-825x1024.jpg]
[cdn.bitrix24.com/b23490421/crm/form/loader_283.js]
[cdn.bitrix24.com/b23490421/crm/form/loader_285.js]
[cdn.bitrix24.com/b23490421/crm/form/loader_163.js]
[cdn.bitrix24.com/b23490421/crm/form/loader_251.js]
[cdn.bitrix24.com/b23490421/crm/form/loader_149.js]
[cdn.bitrix24.com/b23490421/crm/form/loader_235.js]
[cdn.bitrix24.com/b23490421/crm/form/loader_821.js]
[cdn.bitrix24.com/b23490421/crm/form/loader_819.js]
[cdn.bitrix24.com/b23490421/crm/form/loader_161.js]
[cdn.bitrix24.com/b23490421/crm/form/loader_253.js]
[cdn.bitrix24.com/b23490421/crm/form/loader_825.js]
[cdn.bitrix24.com/b23490421/crm/form/loader_823.js]
[cdn.bitrix24.com/b23490421/crm/form/loader_827.js]
[cdn.bitrix24.com/b23490421/crm/form/loader_829.js]
[houss.co.za/rentals-fourways/index.html]
[houss.co.za/wp-json/wp/v2/pages/6221.json]
[houss.co.za/wp-json/oembed/1.0/embed979f.json]
[houss.co.za/wp-json/oembed/1.0/embed0351]
[houss.co.za/wp-content/uploads/2023/05/brian-nyathikasi-825x1024.jpg]
[houss.co.za/wp-content/uploads/2023/05/Thobile170523-825x1024.jpg]
[cdn.bitrix24.com/b23490421/crm/form/loader_179.js]
[cdn.bitrix24.com/b23490421/crm/form/loader_229.js]
[cdn.bitrix24.com/b23490421/crm/form/loader_181.js]
[cdn.bitrix24.com/b23490421/crm/form/loader_225.js]
[houss.co.za/rentals-northcliff/index.html]
[houss.co.za/wp-json/wp/v2/pages/6229.json]
[houss.co.za/wp-json/oembed/1.0/embedff5f.json]
[houss.co.za/wp-json/oembed/1.0/embed811c]
[houss.co.za/wp-content/uploads/2023/01/Francis-825x1024.jpg]
[cdn.bitrix24.com/b23490421/crm/form/loader_187.js]
[cdn.bitrix24.com/b23490421/crm/form/loader_249.js]
[houss.co.za/rentals-pta-east/index.html]
[houss.co.za/wp-json/wp/v2/pages/7147.json]
[houss.co.za/wp-json/oembed/1.0/embedbc84.json]
[houss.co.za/wp-json/oembed/1.0/embed7724]
[houss.co.za/wp-content/uploads/2024/10/Lerato.jpg]
[cdn.bitrix24.com/b23490421/crm/form/loader_801.js]
[cdn.bitrix24.com/b23490421/crm/form/loader_803.js]
[houss.co.za/rentals-cape-town/index.html]
[houss.co.za/wp-json/wp/v2/pages/6178.json]
[houss.co.za/wp-json/oembed/1.0/embed91f9.json]
[houss.co.za/wp-json/oembed/1.0/embed49d6]
[houss.co.za/luxury-homes/index.html]
[houss.co.za/wp-json/wp/v2/pages/6190.json]
[houss.co.za/wp-json/oembed/1.0/embed2768.json]
[houss.co.za/wp-json/oembed/1.0/embed0edd]
[houss.co.za/lifestyle-apartments/index.html]
[houss.co.za/wp-json/wp/v2/pages/6284.json]
[houss.co.za/wp-json/oembed/1.0/embedcaeb.json]
[houss.co.za/wp-json/oembed/1.0/embed90cf]
[houss.co.za/privacy-policy/index.html]
[houss.co.za/wp-json/wp/v2/pages/6292.json]
[houss.co.za/wp-json/oembed/1.0/embed6758.json]
[houss.co.za/wp-json/oembed/1.0/embed41e5]
[houss.co.za/legal-notice/index.html]
[cdn-images.mailchimp.com/embedcode/classic-071822.css]
[houss.co.za/wp-content/uploads/elementor/css/post-6406c0b9.css]
[houss.co.za/wp-content/plugins/elementor-pro/assets/css/conditionals/popup.min7871.css]
[houss.co.za/wp-content/plugins/revslider/sr6/assets/fonts/revicons/revicons90c6.eot]
[houss.co.za/wp-content/plugins/revslider/sr6/assets/fonts/revicons/revicons90c6.ttf]
[houss.co.za/wp-content/plugins/revslider/sr6/assets/assets/gridtile.png]
[houss.co.za/wp-content/plugins/revslider/sr6/assets/assets/gridtile_white.png]
[houss.co.za/wp-content/plugins/revslider/sr6/assets/assets/gridtile_3x3.png]
[houss.co.za/wp-content/plugins/revslider/sr6/assets/assets/gridtile_3x3_white.png]
[houss.co.za/wp-content/plugins/revslider/sr6/assets/assets/coloredbg.png]
[houss.co.za/wp-content/plugins/revslider/sr6/assets/assets/loader.gif]
[houss.co.za/wp-content/plugins/revslider/sr6/assets/css/rs6bc26.css]
[houss.co.za/wp-content/plugins/download-manager/assets/wpdm-iconfont/font/wpdm-icons4a65.svg]
[houss.co.za/wp-content/plugins/download-manager/assets/images/plus.svg]
[houss.co.za/wp-content/plugins/download-manager/assets/images/sort.svg]
[houss.co.za/wp-content/plugins/download-manager/assets/images/loader.svg]
[houss.co.za/wp-content/plugins/essential-grid/public/assets/font/fontello/fonts/egfontdde9.svg]
[houss.co.za/wp-content/uploads/elementor/custom-icons/tiktok/font/tiktok4b99.svg]
[houss.co.za/wp-json/wp/v2/pages/8144.json]
[houss.co.za/wp-json/oembed/1.0/embed1e61.json]
[houss.co.za/wp-json/oembed/1.0/embeda79e]
[houss.co.za/agent/index.html]
[houss.co.za/POST.html]
[houss.co.za/schema.org/index.html]
[houss.co.za/b.html]
[houss.co.za/wp-json/wp/v2/pages/8180.json]
[houss.co.za/wp-json/oembed/1.0/embedcf09.json]
[houss.co.za/wp-json/oembed/1.0/embed0841]
[houss.co.za/wp-content/uploads/2024/02/Darren-Turner.png]
[houss.co.za/agent/darren-turner/index.html]
[houss.co.za/signals/iwl.html]
[houss.co.za/c.html]
[houss.co.za/c-2.html]
[houss.co.za/wp-content/uploads/elementor/css/post-197c0a.css]
[cdn.bitrix24.com/b23490421/crm/form/loader_585.js]
[houss.co.za/wp-json/wp/v2/pages/10605.json]
[houss.co.za/wp-json/oembed/1.0/embed1372.json]
[houss.co.za/wp-json/oembed/1.0/embed887d]
[houss.co.za/wp-content/uploads/2025/02/Helderfontein-Nexus-Logo_White-1024x437.png]
[houss.co.za/wp-content/uploads/2025/02/Helderfontein-Nexus-Brochure.pdf]
[houss.co.za/wp-content/uploads/2025/02/Nexus-Site-Layout.jpg]
[houss.co.za/wp-content/uploads/2025/02/Nexus-3-bed-1.jpg]
[houss.co.za/wp-content/uploads/2025/02/Nexus-2-bed.jpg]
[houss.co.za/wp-content/uploads/2025/02/Nexus-1-bed-large.jpg]
[houss.co.za/wp-content/uploads/2025/02/Nexus-1-bed-small.jpg]
[cdn.bitrix24.com/b23490421/crm/form/loader_893.js]
[cdn.bitrix24.com/b23490421/crm/form/loader_891.js]
[cdn.bitrix24.com/b23490421/crm/form/loader_895.js]
[houss.co.za/index2c6b.html]
[cdn.bitrix24.com/b23490421/crm/form/loader_897.js]
[houss.co.za/helderfontein-nexus-lifestyle-apartments/index.html]
[houss.co.za/wp-json/wp/v2/pages/6949.json]
[houss.co.za/wp-json/oembed/1.0/embedb8cc.json]
[houss.co.za/wp-json/oembed/1.0/embed4e9c]
[houss.co.za/wp-content/uploads/2023/05/Bahari.png]
[houss.co.za/wp-content/uploads/2023/06/Bahari-Lifestyle-Apartments-Brochure-190623.pdf]
[houss.co.za/wp-content/uploads/2023/07/Bahari_layout-Web-2-scaled.jpg]
[houss.co.za/bahari-lifestyle-apartments/index.html]
[houss.co.za/wp-json/wp/v2/pages/6028.json]
[houss.co.za/wp-json/oembed/1.0/embede030.json]
[houss.co.za/wp-json/oembed/1.0/embed2450]
[houss.co.za/wp-content/uploads/2023/01/five-logo.png]
[houss.co.za/wp-content/uploads/2024/11/5ive-on-Thirteenth-Brochure-DIGITAL.pdf]
[houss.co.za/wp-content/uploads/2023/01/Estate-Layout-scaled-1.jpg]
[houss.co.za/wp-content/uploads/2023/01/3-bed-with-out-360-scaled-1.jpg]
[houss.co.za/wp-content/uploads/2023/01/2-Bed-Without-360-scaled-1.jpg]
[houss.co.za/wp-content/uploads/2023/01/1-bed-scaled-1.jpg]
[houss.co.za/wp-content/uploads/2023/01/Bachelor-scaled-1.jpg]
[houss.co.za/5ive-on-thirteenth/index.html]
[houss.co.za/wp-json/wp/v2/pages/5986.json]
[houss.co.za/wp-json/oembed/1.0/embed4a42.json]
[houss.co.za/wp-json/oembed/1.0/embed6b5c]
[houss.co.za/wp-content/uploads/2023/01/16-LOGO-The-Parks-1024x195.png]
[houss.co.za/wp-content/uploads/2024/11/The-Parks-Brochure-DIGITAL.pdf]
[houss.co.za/wp-content/uploads/2023/01/The-Parks-Layout-scaled.jpg]
[houss.co.za/wp-content/uploads/2023/01/THE-PARKS-3bed-2bath.jpg]
[houss.co.za/wp-content/uploads/2023/01/THE-PARKS-2bed-2bath.jpg]
[houss.co.za/wp-content/uploads/2023/01/1-Bed-2-scaled-1.jpg]
[houss.co.za/wp-content/uploads/2023/01/Bachelor-1-scaled-1.jpg]
[houss.co.za/the-parks-lifestyle-apartments/index.html]
[houss.co.za/wp-json/wp/v2/pages/5839.json]
[houss.co.za/wp-json/oembed/1.0/embed97b1.json]
[houss.co.za/wp-json/oembed/1.0/embed7727]
[houss.co.za/wp-content/uploads/2023/01/Page-Design-CROWTHORNE.png]
[houss.co.za/wp-content/uploads/2024/11/Crowthorne-Corner-Digital-Brochure_210423.pdf]
[houss.co.za/wp-content/uploads/2023/01/Estate-Layout.jpg]
[houss.co.za/wp-content/uploads/2023/01/4-Bed-128m-scaled.jpg]
[houss.co.za/wp-content/uploads/2023/01/4-Bed-128m-848x1024.jpg]
[houss.co.za/wp-content/uploads/2023/01/4-Bed-123m-1-scaled.jpg]
[houss.co.za/wp-content/uploads/2023/01/4-Bed-123m-1-848x1024.jpg]
[houss.co.za/wp-content/uploads/2023/01/3-Bed-112m-scaled.jpg]
[houss.co.za/wp-content/uploads/2023/01/3-Bed-112m-848x1024.jpg]
[houss.co.za/wp-content/uploads/2023/01/2-Bed-1-scaled.jpg]
[houss.co.za/wp-content/uploads/2023/01/2-Bed-1-848x1024.jpg]
[houss.co.za/wp-content/uploads/2023/01/1-Bed-1-scaled.jpg]
[houss.co.za/wp-content/uploads/2023/01/1-Bed-1-848x1024.jpg]
[houss.co.za/crowthornecorner/index.html]
[houss.co.za/wp-json/wp/v2/pages/5797.json]
[houss.co.za/wp-json/oembed/1.0/embed50f3.json]
[houss.co.za/wp-json/oembed/1.0/embed8028]
[houss.co.za/wp-content/uploads/2023/01/carlswald-logo.png]
[houss.co.za/wp-content/uploads/2023/01/Carlswald-Brochure-Digital-Version-low.pdf]
[houss.co.za/wp-content/uploads/2023/01/Layout-5-scaled-1.jpg]
[houss.co.za/wp-content/uploads/2023/01/Carlswald-3-bed-2-scaled-1.jpg]
[houss.co.za/wp-content/uploads/2023/01/2-Bed-2-scaled-1.jpg]
[houss.co.za/wp-content/uploads/2023/01/1-Bed-3-scaled-1.jpg]
[houss.co.za/carlswald/index.html]
[houss.co.za/wp-json/wp/v2/pages/5911.json]
[houss.co.za/wp-json/oembed/1.0/embede056.json]
[houss.co.za/wp-json/oembed/1.0/embedef2a]
[houss.co.za/wp-content/uploads/2023/01/crowhorne-logo.png]
[houss.co.za/wp-content/uploads/2023/01/Crowthorne-Luxury-Apartments-DIGITAL-brochure.pdf]
[houss.co.za/wp-content/uploads/2023/01/Layout-3-scaled-1.jpg]
[houss.co.za/wp-content/uploads/2023/01/2-Bed-3-scaled-1.jpg]
[houss.co.za/wp-content/uploads/2023/01/1-Bed-4-scaled-1.jpg]
[houss.co.za/wp-content/uploads/2023/01/1-Bed-53m-scaled-1.jpg]
[cdn.bitrix24.com/b23490421/crm/form/loader_335.js]
[cdn.bitrix24.com/b23490421/crm/form/loader_337.js]
[houss.co.za/crowthorne/index.html]
[houss.co.za/wp-json/wp/v2/pages/6059.json]
[houss.co.za/wp-json/oembed/1.0/embed9a81.json]
[houss.co.za/wp-json/oembed/1.0/embed046f]
[houss.co.za/wp-content/uploads/2023/01/the-oval-logo.png]
[houss.co.za/wp-content/uploads/2023/01/The-Hills-and-The-Oval-digital-1.pdf]
[houss.co.za/wp-content/uploads/2023/01/Layout-2-1.jpg]
[houss.co.za/wp-content/uploads/2023/01/TheOval3-bed-3-scaled-1.jpg]
[houss.co.za/wp-content/uploads/2023/01/3-Bed-114m-scaled-1.jpg]
[houss.co.za/wp-content/uploads/2023/01/2-Bed-88m-scaled-1.jpg]
[houss.co.za/wp-content/uploads/2023/01/1-Bed-65m-scaled-1.jpg]
[houss.co.za/wp-content/uploads/2023/01/1-Bed-54m-scaled-1.jpg]
[houss.co.za/wp-content/uploads/2023/01/1-Bed-51m-scaled-1.jpg]
[houss.co.za/the-oval-luxury-apartments/index.html]
[houss.co.za/wp-json/wp/v2/pages/5575.json]
[houss.co.za/wp-json/oembed/1.0/embed01b4.json]
[houss.co.za/wp-json/oembed/1.0/embedbab5]
[houss.co.za/wp-content/uploads/2023/01/09-LOGO-Waterfall-Crescent-1024x253.png]
[houss.co.za/wp-content/uploads/2023/05/Waterfall-Crescent-A4-DIGITAL-VERSION-290523.pdf]
[houss.co.za/wp-content/uploads/2023/01/Layout-3-scaled.jpg]
[houss.co.za/wp-content/uploads/2023/01/Page-Design-WATERFALL-CRESCENT.jpg]
[cdn.bitrix24.com/b23490421/crm/form/loader_185.js]
[cdn.bitrix24.com/b23490421/crm/form/loader_271.js]
[houss.co.za/waterfall-crescent/index.html]
[houss.co.za/wp-json/wp/v2/pages/5723.json]
[houss.co.za/wp-json/oembed/1.0/embed26d2.json]
[houss.co.za/wp-json/oembed/1.0/embedfda5]
[houss.co.za/wp-content/uploads/2023/01/sheds-logo.png]
[houss.co.za/wp-content/uploads/2023/06/The-Sheds-Brochure-digital-090623.pdf]
[houss.co.za/wp-content/uploads/2023/01/Layout-2-scaled.jpg]
[houss.co.za/wp-content/uploads/2023/01/Page-Design-THE-SHEDS-1.jpg]
[houss.co.za/wp-content/uploads/2023/01/Type-B-scaled.jpg]
[houss.co.za/the-sheds/index.html]
[houss.co.za/wp-content/uploads/elementor/css/post-6792473c.css]
[houss.co.za/wp-content/uploads/elementor/css/post-67731bcb.css]
[houss.co.za/wp-content/plugins/elementor-pro/assets/css/widget-posts.min7871.css]
[houss.co.za/wp-content/uploads/elementor/css/post-262d5cf.css]
[houss.co.za/wp-content/uploads/2024/11/article_staycation.jpg]
[houss.co.za/wp-json/wp/v2/posts/10383.json]
[houss.co.za/wp-json/oembed/1.0/embed223e.json]
[houss.co.za/wp-json/oembed/1.0/embed1a4c]
[houss.co.za/forget-vacations-staycations-are-way-better/index.html]
[houss.co.za/wp-content/uploads/2023/01/Parks.jpg]
[houss.co.za/wp-json/wp/v2/posts/10275.json]
[houss.co.za/wp-json/oembed/1.0/embed0b9f.json]
[houss.co.za/wp-json/oembed/1.0/embed8676]
[houss.co.za/to-rent-or-to-buy-that-truly-is-the-question/index.html]
[houss.co.za/wp-content/uploads/2022/05/RGB-print-hi-res-helderfontein-franz-rabe-natural-photography-14-of-70.jpg]
[houss.co.za/wp-json/wp/v2/posts/5542.json]
[houss.co.za/wp-json/oembed/1.0/embed3d4d.json]
[houss.co.za/wp-json/oembed/1.0/embed4c27]
[houss.co.za/why-you-shouldnt-shy-away-from-the-most-expensive-stands-in-an-estate/index.html]
[houss.co.za/wp-content/uploads/2022/05/HoussHeadlines_160522.jpg]
[houss.co.za/wp-json/wp/v2/posts/5528.json]
[houss.co.za/wp-json/oembed/1.0/embed7bc5.json]
[houss.co.za/wp-json/oembed/1.0/embedb02e]
[houss.co.za/questions-to-ask-when-buying-property/index.html]
[houss.co.za/wp-content/uploads/2022/05/HoussHeadlines_130522.jpg]
[houss.co.za/wp-json/wp/v2/posts/5522.json]
[houss.co.za/wp-json/oembed/1.0/embed4fcf.json]
[houss.co.za/wp-json/oembed/1.0/embedccb2]
[houss.co.za/what-does-it-take-to-be-an-effective-estate-manager/index.html]
[houss.co.za/wp-content/uploads/2022/05/Houss_Headlines-110522.jpg]
[houss.co.za/wp-json/wp/v2/posts/5514.json]
[houss.co.za/wp-json/oembed/1.0/embedcf19.json]
[houss.co.za/wp-json/oembed/1.0/embed6b04]
[houss.co.za/what-does-it-take-to-be-a-good-real-estate-agent/index.html]
[houss.co.za/wp-content/uploads/2022/05/HoussHeadlines_090522-300x169.jpg]
[houss.co.za/wp-content/uploads/2021/08/The-Parks-blog-image2-300x169.jpg]
[houss.co.za/wp-content/uploads/2021/08/Untitled-design-18-300x169.jpg]
[houss.co.za/wp-content/uploads/2021/08/Untitled-design-5-300x153.jpg]
[houss.co.za/wp-content/uploads/2021/08/Untitled-design-4-300x153.jpg]
[houss.co.za/wp-content/uploads/2021/08/Untitled-design-3-300x153.jpg]
[houss.co.za/houss-headlines/2/index.html]
[houss.co.za/wp-content/uploads/2023/01/the-lifestyle.png]
[houss.co.za/wp-content/uploads/2023/01/IMG_7336.jpg]
[houss.co.za/wp-content/uploads/2023/01/solar.png]
[houss.co.za/wp-content/uploads/2023/01/04-Schools-and-Preschools-Image-scaled.jpg]
[houss.co.za/wp-content/uploads/2023/01/play_park.png]
[houss.co.za/wp-content/uploads/2023/01/gym.png]
[houss.co.za/wp-content/uploads/2023/01/pools.png]
[houss.co.za/wp-content/uploads/2023/01/restaurant.png]
[houss.co.za/wp-content/uploads/2023/01/print-hi-res-the-parks-lifestyle-apartments-franz-rabe-natural-photography-26-of-61.png]
[houss.co.za/wp-content/uploads/2023/01/print-hi-res-the-parks-lifestyle-apartments-franz-rabe-natural-photography-27-of-61.png]
[houss.co.za/wp-content/uploads/2023/01/cinema.png]
[houss.co.za/wp-content/uploads/2023/01/soccer.png]
[houss.co.za/wp-content/uploads/2023/01/meeting-room.png]
[houss.co.za/wp-content/uploads/2023/01/game.png]
[houss.co.za/wp-content/uploads/2023/01/walking.png]
[houss.co.za/wp-content/uploads/2023/01/15A-Concierge-Image.png]
[houss.co.za/wp-content/uploads/2023/01/15B-Laundromat-Image.png]
[houss.co.za/wp-content/uploads/2023/01/birthday.png]
[houss.co.za/wp-content/uploads/elementor/css/post-21b4ba.css]
[houss.co.za/wp-content/uploads/elementor/css/post-9374bf8b.css]
[houss.co.za/wp-json/wp/v2/pages/7840.json]
[houss.co.za/wp-json/oembed/1.0/embed9d56.json]
[houss.co.za/wp-json/oembed/1.0/embedd8e8]
[houss.co.za/wp-content/uploads/2023/12/internal-move-1024x194.png]
[houss.co.za/request-a-new-unit/index.html]
[cdn.bitrix24.com/b23490421/crm/form/loader_507.js]
[houss.co.za/wp-json/wp/v2/pages/11266.json]
[houss.co.za/wp-json/oembed/1.0/embed2c84.json]
[houss.co.za/wp-json/oembed/1.0/embed43f0]
[houss.co.za/wp-content/uploads/2023/11/Crowthorne-Lux-Logo.png]
[houss.co.za/wp-content/uploads/2025/06/Helderfontein-Nexus-Logo_White-1024x438.png]
[houss.co.za/wp-content/uploads/2024/11/Indawo-Logo_white-1024x443.png]
[houss.co.za/tenant-services/estate-rules/index.html]
[houss.co.za/wp-json/wp/v2/pages/11337.json]
[houss.co.za/wp-json/oembed/1.0/embed1f88.json]
[houss.co.za/wp-json/oembed/1.0/embed8fa5]
[houss.co.za/tenant-services/utilities-explained/index.html]
[houss.co.za/wp-content/uploads/elementor/css/post-105861039.css]
[houss.co.za/index38ab.html]
[houss.co.za/indexb8e9.html]
[houss.co.za/index5d34.html]
[houss.co.za/index552f.html]
[houss.co.za/wp-content/plugins/elementor/assets/css/widget-accordion.min7871.css]
[houss.co.za/wp-content/uploads/elementor/css/post-939249a6.css]
[houss.co.za/index1c5a.html]
[houss.co.za/index79a4.html]
[houss.co.za/indexd704.html]
[houss.co.za/index4a50.html]
[houss.co.za/indexaa28.html]
[houss.co.za/indexe447.html]
[houss.co.za/wp-json/wp/v2/pages/6759.json]
[houss.co.za/wp-json/oembed/1.0/embede4a9.json]
[houss.co.za/wp-json/oembed/1.0/embed4f70]
[houss.co.za/wp-content/uploads/2023/05/Sorry-to-see-you-go-1024x193.jpg]
[cdn.bitrix24.com/b23490421/crm/form/loader_73.js]
[houss.co.za/wp-content/uploads/2024/09/notice-to-vacate.jpg]
[houss.co.za/notice-to-vacate/index.html]
[houss.co.za/wp-json/wp/v2/pages/6753.json]
[houss.co.za/wp-json/oembed/1.0/embed9618.json]
[houss.co.za/wp-json/oembed/1.0/embed429c]
[houss.co.za/wp-content/uploads/2023/05/Letterhead-Header-1024x189.jpg]
[houss.co.za/apply-online/index.html]
[houss.co.za/wp-content/plugins/elementor/assets/css/widget-google_maps.min7871.css]
[houss.co.za/wp-content/uploads/2023/01/02-Houss-Board-Room-pic.png]
[houss.co.za/wp-content/uploads/2023/01/villas.jpg]
[houss.co.za/wp-content/uploads/elementor/css/post-236a1d.css]
[houss.co.za/wp-content/uploads/elementor/css/post-92188f86.css]
[houss.co.za/wp-json/wp/v2/posts/11106.json]
[houss.co.za/wp-json/oembed/1.0/embed7c8e.json]
[houss.co.za/wp-json/oembed/1.0/embed50aa]
[houss.co.za/marketing-administrator/index.html]
[houss.co.za/wp-content/uploads/2024/03/Ndlovu-headerv3.jpg]
[houss.co.za/wp-content/uploads/elementor/css/post-88474b13.css]
[houss.co.za/wp-content/uploads/elementor/css/post-88734b13.css]
[houss.co.za/wp-content/plugins/elementor/assets/css/widget-tabs.min7871.css]
[houss.co.za/wp-content/uploads/elementor/css/post-88794b13.css]
[houss.co.za/indexa375.html]
[houss.co.za/wp-content/uploads/2023/01/07-Sagewood-Image-scaled-2.jpg]
[houss.co.za/wp-content/uploads/elementor/css/post-5948fab3.css]
[houss.co.za/index4f26.html]
[houss.co.za/wp-content/uploads/elementor/css/post-6673b8c7.css]
[houss.co.za/wp-content/uploads/2023/01/The-Villas-Waterfall-new-small.jpg]
[houss.co.za/wp-content/uploads/elementor/css/post-5674dac0.css]
[houss.co.za/wp-content/uploads/elementor/css/post-74595ef6.css]
[houss.co.za/wp-content/uploads/elementor/css/post-93285ef6.css]
[houss.co.za/indexd84b.html]
[houss.co.za/wp-content/uploads/2023/01/Main-Image-THE-PRECINCT-scaled.jpg]
[houss.co.za/wp-content/uploads/elementor/css/post-5750d96b.css]
[houss.co.za/wp-content/uploads/elementor/css/post-6710b8c7.css]
[houss.co.za/wp-content/uploads/elementor/css/post-7465b8c7.css]
[houss.co.za/wp-content/uploads/elementor/css/post-67133918.css]
[houss.co.za/wp-content/uploads/elementor/css/post-67073918.css]
[houss.co.za/wp-content/uploads/elementor/css/post-6691b8c7.css]
[houss.co.za/wp-content/uploads/elementor/css/post-11412efbe.css]
[houss.co.za/index42b7.html]
[houss.co.za/wp-content/uploads/2024/06/indawo_web-header.jpg]
[houss.co.za/wp-content/uploads/elementor/css/post-7249fbd3.css]
[houss.co.za/wp-content/uploads/elementor/css/post-62066e4f.css]
[houss.co.za/wp-content/uploads/elementor/css/post-6670a24a.css]
[houss.co.za/wp-content/uploads/elementor/css/post-6211bdb0.css]
[houss.co.za/wp-content/uploads/elementor/css/post-6833b8c7.css]
[houss.co.za/wp-content/uploads/elementor/css/post-6573b8c7.css]
[houss.co.za/wp-content/uploads/elementor/css/post-62161c50.css]
[houss.co.za/wp-content/uploads/elementor/css/post-7158772f.css]
[houss.co.za/wp-content/uploads/elementor/css/post-6697772f.css]
[houss.co.za/wp-content/uploads/elementor/css/post-6694772f.css]
[houss.co.za/wp-content/uploads/elementor/css/post-10334772f.css]
[houss.co.za/wp-content/uploads/elementor/css/post-6661772f.css]
[houss.co.za/wp-content/uploads/elementor/css/post-10341772f.css]
[houss.co.za/wp-content/uploads/elementor/css/post-103499af4.css]
[houss.co.za/wp-content/uploads/elementor/css/post-62215ca2.css]
[houss.co.za/wp-content/uploads/elementor/css/post-6664a42d.css]
[houss.co.za/wp-content/uploads/elementor/css/post-6700a42d.css]
[houss.co.za/wp-content/uploads/elementor/css/post-6229b002.css]
[houss.co.za/wp-content/uploads/elementor/css/post-6676213e.css]
[houss.co.za/wp-content/uploads/elementor/css/post-714702fd.css]
[houss.co.za/wp-content/uploads/elementor/css/post-10200d207.css]
[houss.co.za/wp-content/uploads/elementor/css/post-617831fe.css]
[houss.co.za/wp-content/uploads/elementor/css/post-6190987e.css]
[houss.co.za/wp-content/uploads/elementor/css/post-6284ed17.css]
[houss.co.za/wp-content/uploads/elementor/css/post-6292f2a4.css]
[houss.co.za/wp-content/plugins/revslider/sr6/assets/fonts/revicons/revicons90c6.svg]
[houss.co.za/wp-content/plugins/revslider/sr6/assets/css/openhand.html]
[houss.co.za/wp-content/plugins/revslider/sr6/assets/css/closedhand.html]
[houss.co.za/wp-includes/css/dist/block-library/style.minca57.css]
[houss.co.za/wp-content/uploads/elementor/css/post-8180484a.css]
[houss.co.za/wp-content/uploads/2025/02/Website-main-hero.jpg]
[houss.co.za/index89d9.html]
[houss.co.za/wp-content/uploads/elementor/css/post-106058704.css]
[houss.co.za/wp-content/uploads/elementor/css/post-106408470.css]
[houss.co.za/wp-content/uploads/elementor/css/post-106498470.css]
[houss.co.za/wp-content/uploads/2023/06/bahari-headerv2.jpg]
[houss.co.za/wp-content/uploads/elementor/css/post-6949e96b.css]
[houss.co.za/wp-content/uploads/2023/01/Untitled-design-68.png]
[houss.co.za/indexc84a.html]
[houss.co.za/wp-content/uploads/elementor/css/post-60288970.css]
[houss.co.za/index3910.html]
[houss.co.za/wp-content/uploads/2023/01/new-header.jpg]
[houss.co.za/wp-content/uploads/elementor/css/post-5986b4ab.css]
[houss.co.za/index9a21.html]
[houss.co.za/wp-content/uploads/2023/01/Aereal-Perspective-2_RevD.png]
[houss.co.za/wp-content/uploads/elementor/css/post-5839ddf8.css]
[houss.co.za/index9c97.html]
[houss.co.za/wp-content/uploads/2023/01/Main-Image-CARLSWALD-scaled-1.jpg]
[houss.co.za/wp-content/uploads/elementor/css/post-57973998.css]
[houss.co.za/index82e2.html]
[houss.co.za/wp-content/uploads/2023/01/Copy-of-Untitled-99.png]
[houss.co.za/wp-content/uploads/elementor/css/post-59110bd6.css]
[houss.co.za/wp-content/uploads/elementor/css/post-74534eb1.css]
[houss.co.za/wp-content/uploads/2023/01/Untitled-design-14.png]
[houss.co.za/index4c4b.html]
[houss.co.za/wp-content/uploads/elementor/css/post-60598797.css]
[houss.co.za/index2004.html]
[houss.co.za/wp-content/uploads/2023/01/Main-Image-CRESCENT-scaled.jpg]
[houss.co.za/wp-content/uploads/elementor/css/post-5575d51f.css]
[houss.co.za/wp-content/uploads/elementor/css/post-74626c8f.css]
[houss.co.za/index107c.html]
[houss.co.za/wp-content/uploads/2023/01/Main-Image-THE-SHEDS-scaled.jpg]
[houss.co.za/wp-content/uploads/elementor/css/post-572301cd.css]
[houss.co.za/index131e.html]
[houss.co.za/wp-content/uploads/elementor/css/post-64928d6a.css]
[houss.co.za/wp-content/uploads/2022/05/HoussHeadlines_090522.jpg]
[houss.co.za/wp-json/wp/v2/posts/5502.json]
[houss.co.za/wp-json/oembed/1.0/embed98c1.json]
[houss.co.za/wp-json/oembed/1.0/embed170c]
[houss.co.za/what-does-it-take-to-market-property/index.html]
[houss.co.za/wp-content/uploads/2021/08/The-Parks-blog-image2.jpg]
[houss.co.za/wp-json/wp/v2/posts/3866.json]
[houss.co.za/wp-json/oembed/1.0/embed9e16.json]
[houss.co.za/wp-json/oembed/1.0/embedf8ec]
[houss.co.za/the-home-decor-expo/index.html]
[houss.co.za/wp-content/uploads/2021/08/Untitled-design-18.jpg]
[houss.co.za/wp-json/wp/v2/posts/3798.json]
[houss.co.za/wp-json/oembed/1.0/embedeb8c.json]
[houss.co.za/wp-json/oembed/1.0/embed8ca6]
[houss.co.za/houss-party-fit-for-vips-at-5ive-on-thirteenth/index.html]
[houss.co.za/wp-content/uploads/2021/08/Untitled-design-5.jpg]
[houss.co.za/wp-json/wp/v2/posts/3795.json]
[houss.co.za/wp-json/oembed/1.0/embedbea5.json]
[houss.co.za/wp-json/oembed/1.0/embed18d6]
[houss.co.za/luxurious-life/index.html]
[houss.co.za/wp-content/uploads/2021/08/Untitled-design-4.jpg]
[houss.co.za/wp-json/wp/v2/posts/3792.json]
[houss.co.za/wp-json/oembed/1.0/embed416e.json]
[houss.co.za/wp-json/oembed/1.0/embed4278]
[houss.co.za/make-working-from-home-work-for-you/index.html]
[houss.co.za/wp-content/uploads/2021/08/Untitled-design-3.jpg]
[houss.co.za/wp-json/wp/v2/posts/3789.json]
[houss.co.za/wp-json/oembed/1.0/embedac27.json]
[houss.co.za/wp-json/oembed/1.0/embed7986]
[houss.co.za/how-to-make-your-home-look-more-expensive/index.html]
[houss.co.za/wp-content/uploads/2021/08/Untitled-design-2-300x153.jpg]
[houss.co.za/wp-content/uploads/2021/08/Untitled-design-1-300x153.jpg]
[houss.co.za/wp-content/uploads/2021/08/Untitled-design-300x153.jpg]
[houss.co.za/wp-content/uploads/2021/07/Untitled-design-26-300x153.png]
[houss.co.za/wp-content/uploads/2021/07/Untitled-design-27-300x153.png]
[houss.co.za/wp-content/uploads/2021/07/Untitled-design-28-300x153.png]
[houss.co.za/houss-headlines/3/index.html]
[houss.co.za/wp-content/uploads/elementor/css/post-78401915.css]
[houss.co.za/wp-content/uploads/elementor/css/post-11266617a.css]
[houss.co.za/wp-content/uploads/elementor/css/post-11337207b.css]
[houss.co.za/wp-content/uploads/elementor/css/post-675947a6.css]
[houss.co.za/wp-content/uploads/elementor/css/post-1009347a6.css]
[houss.co.za/wp-content/uploads/elementor/css/post-67538738.css]
[houss.co.za/wp-content/uploads/elementor/css/post-111069165.css]
[houss.co.za/wp-content/uploads/elementor/css/post-3795cd04.css]
[houss.co.za/wp-content/uploads/2021/08/Untitled-design-2.jpg]
[houss.co.za/wp-json/wp/v2/posts/3785.json]
[houss.co.za/wp-json/oembed/1.0/embedc9f2.json]
[houss.co.za/wp-json/oembed/1.0/embed6b6b]
[houss.co.za/questions-to-ask/index.html]
[houss.co.za/wp-content/uploads/2021/08/Untitled-design-1.jpg]
[houss.co.za/wp-json/wp/v2/posts/3782.json]
[houss.co.za/wp-json/oembed/1.0/embed0c7a.json]
[houss.co.za/wp-json/oembed/1.0/embed95ad]
[houss.co.za/red-flags-to-watch-out-for-when-apartment-hunting/index.html]
[houss.co.za/wp-content/uploads/2021/08/Untitled-design.jpg]
[houss.co.za/wp-json/wp/v2/posts/3779.json]
[houss.co.za/wp-json/oembed/1.0/embed395b.json]
[houss.co.za/wp-json/oembed/1.0/embed6a49]
[houss.co.za/storage-tips-and-tricks/index.html]
[houss.co.za/wp-content/uploads/2021/07/Untitled-design-26.png]
[houss.co.za/wp-json/wp/v2/posts/3003.json]
[houss.co.za/wp-json/oembed/1.0/embed1c0e.json]
[houss.co.za/wp-json/oembed/1.0/embede737]
[houss.co.za/the-campus-student-accommodation-to-be-proud/index.html]
[houss.co.za/wp-content/uploads/2021/07/Untitled-design-27.png]
[houss.co.za/wp-json/wp/v2/posts/3008.json]
[houss.co.za/wp-json/oembed/1.0/embedb34a.json]
[houss.co.za/wp-json/oembed/1.0/embedd9bc]
[houss.co.za/time-in-nature-is-the-atidote-to-pandemic-stress/index.html]
[houss.co.za/wp-content/uploads/2021/07/Untitled-design-28.png]
[houss.co.za/wp-json/wp/v2/posts/3012.json]
[houss.co.za/wp-json/oembed/1.0/embed7a78.json]
[houss.co.za/wp-json/oembed/1.0/embedc398]
[houss.co.za/studios-vs-one-bedrooms/index.html]
[houss.co.za/houss-headlines/4/index.html]
[houss.co.za/the-parks/index.html]
[houss.co.za/sagewood-2-2/index.html]
[houss.co.za/wp-content/uploads/2024/07/precinct-1.jpg]
[houss.co.za/wp-json/wp/v2/posts/9461.json]
[houss.co.za/wp-json/oembed/1.0/embedd645.json]
[houss.co.za/wp-json/oembed/1.0/embed5bd2]
[houss.co.za/the-parks-2-bedroom-apartment/index.html]
